// Vitest Snapshot v1, https://vitest.dev/guide/snapshot.html

exports[`alternate in-repo addon coverage generation > runs coverage on in-repo addons from a non-standard directory structure 1`] = `
{
  "app/app.js": {
    "branches": {
      "covered": 0,
      "pct": 100,
      "skipped": 0,
      "total": 0,
    },
    "functions": {
      "covered": 0,
      "pct": 100,
      "skipped": 0,
      "total": 0,
    },
    "lines": {
      "covered": 4,
      "pct": 100,
      "skipped": 0,
      "total": 4,
    },
    "statements": {
      "covered": 4,
      "pct": 100,
      "skipped": 0,
      "total": 4,
    },
  },
  "app/router.js": {
    "branches": {
      "covered": 0,
      "pct": 100,
      "skipped": 0,
      "total": 0,
    },
    "functions": {
      "covered": 0,
      "pct": 0,
      "skipped": 0,
      "total": 1,
    },
    "lines": {
      "covered": 1,
      "pct": 33.33,
      "skipped": 0,
      "total": 3,
    },
    "statements": {
      "covered": 1,
      "pct": 33.33,
      "skipped": 0,
      "total": 3,
    },
  },
  "app/utils/my-covered-util-app.js": {
    "branches": {
      "covered": 0,
      "pct": 100,
      "skipped": 0,
      "total": 0,
    },
    "functions": {
      "covered": 1,
      "pct": 100,
      "skipped": 0,
      "total": 1,
    },
    "lines": {
      "covered": 1,
      "pct": 100,
      "skipped": 0,
      "total": 1,
    },
    "statements": {
      "covered": 1,
      "pct": 100,
      "skipped": 0,
      "total": 1,
    },
  },
  "app/utils/my-uncovered-util-app.js": {
    "branches": {
      "covered": 0,
      "pct": 100,
      "skipped": 0,
      "total": 0,
    },
    "functions": {
      "covered": 0,
      "pct": 0,
      "skipped": 0,
      "total": 1,
    },
    "lines": {
      "covered": 0,
      "pct": 0,
      "skipped": 0,
      "total": 1,
    },
    "statements": {
      "covered": 0,
      "pct": 0,
      "skipped": 0,
      "total": 1,
    },
  },
  "local-lib/addons/my-in-repo-addon/addon-test-support/uncovered-test-support.js": {
    "branches": {
      "covered": 0,
      "pct": 0,
      "skipped": 0,
      "total": 2,
    },
    "functions": {
      "covered": 0,
      "pct": 0,
      "skipped": 0,
      "total": 2,
    },
    "lines": {
      "covered": 0,
      "pct": 0,
      "skipped": 0,
      "total": 4,
    },
    "statements": {
      "covered": 0,
      "pct": 0,
      "skipped": 0,
      "total": 4,
    },
  },
  "local-lib/addons/my-in-repo-addon/addon/utils/my-covered-util.js": {
    "branches": {
      "covered": 0,
      "pct": 100,
      "skipped": 0,
      "total": 0,
    },
    "functions": {
      "covered": 1,
      "pct": 100,
      "skipped": 0,
      "total": 1,
    },
    "lines": {
      "covered": 1,
      "pct": 100,
      "skipped": 0,
      "total": 1,
    },
    "statements": {
      "covered": 1,
      "pct": 100,
      "skipped": 0,
      "total": 1,
    },
  },
  "local-lib/addons/my-in-repo-addon/addon/utils/my-uncovered-util.js": {
    "branches": {
      "covered": 0,
      "pct": 100,
      "skipped": 0,
      "total": 0,
    },
    "functions": {
      "covered": 0,
      "pct": 0,
      "skipped": 0,
      "total": 1,
    },
    "lines": {
      "covered": 0,
      "pct": 0,
      "skipped": 0,
      "total": 1,
    },
    "statements": {
      "covered": 0,
      "pct": 0,
      "skipped": 0,
      "total": 1,
    },
  },
  "total": {
    "branches": {
      "covered": 0,
      "pct": 0,
      "skipped": 0,
      "total": 2,
    },
    "branchesTrue": {
      "covered": 0,
      "pct": 100,
      "skipped": 0,
      "total": 0,
    },
    "functions": {
      "covered": 2,
      "pct": 28.57,
      "skipped": 0,
      "total": 7,
    },
    "lines": {
      "covered": 7,
      "pct": 46.66,
      "skipped": 0,
      "total": 15,
    },
    "statements": {
      "covered": 7,
      "pct": 46.66,
      "skipped": 0,
      "total": 15,
    },
  },
}
`;
